input 10 to 50 - baseline
10,11,12
20,21,22
30,31,32
40,41,42
50,51,52
input 10 to 50 - 31->35
10,11,12
20,21,22
30,35,32
40,41,42
50,51,52
input 10 to 50 - 42->47
10,11,12
20,21,22
30,31,32
40,41,47
50,51,52
