1+2*3
7
8/4-1
1
(1+2)*3
9
9/(4-1)
3
1.0+2.1*3.2
7.72
8.2/4.1-1.0
1
(1.0+2.1)*3.2
9.92
9.2/(4.1-1.0)
2.96774
1+2.1
3.1
8.2/2
4.1
1+null

1.1::int
1
1>2
0
1<2
1
