1 > 2
else part
2 > 1
if part
9 7 5 3 1
9
7
5
3
1
1 to 10
1
2
3
4
5
6
7
8
9
10
while i < 10 (never)
while i < 10 (10)
0
1
2
3
4
5
6
7
8
9
foreach... 10 to 50
10,11,12
1
20,21,22
2
30,31,32
3
40,41,42
4
50,51,52
5
clone 10
1
2
3
4
5
6
7
8
9
10
wait for 10
1,0
2,0
3,0
4,0
5,0
6,0
7,0
8,0
9,0
10,0
nested for and if - 1 3 5 7 9
1
3
5
7
9
nested for / if / for 11,12,2,31,32,4,51...
11
12
2
31
32
4
51
52
6
71
72
8
91
92
10
