output 10 to 50
input pattern delimited
10,11,12
20,21,22
30,31,32
40,41,42
50,51,52
input pattern delimited by
10,11,12
20,21,22
30,31,32
40,41,42
50,51,52
input pattern delimited by | escape \
10,11,12
20,21,22
30,31,32
40,41,42
50,51,52
output 10 to 50
input pattern delimited by ; escape >
10,11,J;12
20,21,T;22
30,31,^;32
40,41,h;42
50,51,r;52
split delimited
10,20,30,
split delimited by
10,20,30,
split delimited by | escape \
10,20,30,
split delimited by ; escape >
10,20;30,
