output 10 to 50 separated by |
10,11,12,
20,21,22,
30,31,32,
40,41,42,
50,51,52,
output 10 to 50 separated by a*b
10,11,12,13
20,21,22,23
30,31,32,33
40,41,42,43
50,51,52,53
split by a*b
10,11,12,13
