constant assignment
3
shorthand add
7
shorthand subtract
2
shorthand multiply
12
shorthand divide
1
shorthand cast
3
shorthand concat
345
store expression list
1,345
store expression list with cast
1,346
disposing v4

invoke
0.531186
output 10 to 50
input 10 to 50
10,11,12
20,21,22
30,31,32
40,41,42
50,51,52
read 10 to 50
10,11,12
20,21,22
30,31,32
40,41,42
50,51,52
close result 0 errno 0
pipe from 10 to 50
10,11,12
20,21,22
30,31,32
40,41,42
50,51,52
exit code 0, errno 100
write 110 to 150
110|111|112|
120|121|122|
130|131|132|
140|141|142|
150|151|152|
errno 0
pipe to 210 to 250
210|211|212|
220|221|222|
230|231|232|
240|241|242|
250|251|252|
exit code 0, errno 0
append to file 260 to 290
210|211|212|
220|221|222|
230|231|232|
240|241|242|
250|251|252|
260|261|262|
270|271|272|
280|281|282|
290|291|292|
html
<TABLE BORDER>
<TR>
<TD VALIGN=baseline ALIGN=center>
1</TD>
<TD VALIGN=baseline ALIGN=center>
 2</TD>
<TD VALIGN=baseline ALIGN=center>
 3</TD>
</TR>
</TABLE>
and back to plain
width 10
12345
12345 6789
0
width 80
12345,67890
12345 67890
continue on error
we didn't stop
continue on error
we didn't stop
stop on error
exit code
2
exit with error code
exiting
